../Core/Src/chademo.c:35:10:get_ChargingCurrentRequest	16	static
../Core/Src/chademo.c:40:6:CHAdeMO_Select_ChargeMode	4	static
../Core/Src/chademo.c:43:6:CHAdeMO_Monitoring	4	static
../Core/Src/chademo.c:44:6:CHAdeMO_Status_Refresh	4	static
../Core/Src/chademo.c:45:6:CHAdeMO_Sub_01_Process	4	static
../Core/Src/chademo.c:46:6:CHAdeMO_Sub_02_Process	4	static
../Core/Src/chademo.c:47:6:CHAdeMO_Sub_03_Process	4	static
../Core/Src/chademo.c:48:6:CHAdeMO_Sub_04_Process	4	static
../Core/Src/chademo.c:49:6:CHAdeMO_Sub_05_Process	4	static
../Core/Src/chademo.c:50:6:CHAdeMO_Sub_06_Process	4	static
../Core/Src/chademo.c:51:6:CHAdeMO_StateProcess	4	static
../Core/Src/chademo.c:54:6:CHAdeMO_Process	8	static
